This is pdfTeX, Version 3.141592653-2.6-1.40.26 (TeX Live 2025/dev/Debian) (preloaded format=pdflatex 2025.9.27)  17 NOV 2025 10:57
entering extended mode
 restricted \write18 enabled.
 %&-line parsing enabled.
**\nonstopmode\input booklet.tex
(./booklet.tex (/usr/share/texlive/texmf-dist/tex/latex/base/article.cls
Document Class: article 2024/06/29 v1.4n Standard LaTeX document class
(/usr/share/texlive/texmf-dist/tex/latex/base/size10.clo
File: size10.clo 2024/06/29 v1.4n Standard LaTeX file (size option)
)
\c@part=\count196
\c@section=\count197
\c@subsection=\count198
\c@subsubsection=\count199
\c@paragraph=\count266
\c@subparagraph=\count267
\c@figure=\count268
\c@table=\count269
\abovecaptionskip=\skip49
\belowcaptionskip=\skip50
\bibindent=\dimen141
)
(/usr/share/texlive/texmf-dist/tex/latex/pdfpages/pdfpages.sty
Package: pdfpages 2025/01/30 v0.6e Insert pages of external PDF documents (AM)

(/usr/share/texlive/texmf-dist/tex/latex/base/ifthen.sty
Package: ifthen 2024/03/16 v1.1e Standard LaTeX ifthen package (DPC)
)
(/usr/share/texlive/texmf-dist/tex/latex/tools/calc.sty
Package: calc 2023/07/08 v4.3 Infix arithmetic (KKT,FJ)
\calc@Acount=\count270
\calc@Bcount=\count271
\calc@Adimen=\dimen142
\calc@Bdimen=\dimen143
\calc@Askip=\skip51
\calc@Bskip=\skip52
LaTeX Info: Redefining \setlength on input line 80.
LaTeX Info: Redefining \addtolength on input line 81.
\calc@Ccount=\count272
\calc@Cskip=\skip53
)
(/usr/share/texlive/texmf-dist/tex/latex/eso-pic/eso-pic.sty
Package: eso-pic 2023/05/03 v3.0c eso-pic (RN)
\ESO@tempdima=\dimen144
\ESO@tempdimb=\dimen145

(/usr/share/texlive/texmf-dist/tex/latex/graphics/keyval.sty
Package: keyval 2022/05/29 v1.15 key=value parser (DPC)
\KV@toks@=\toks17
)
(/usr/share/texlive/texmf-dist/tex/latex/xcolor/xcolor.sty
Package: xcolor 2024/09/29 v3.02 LaTeX color extensions (UK)

(/usr/share/texlive/texmf-dist/tex/latex/graphics-cfg/color.cfg
File: color.cfg 2016/01/02 v1.6 sample color configuration
)
Package xcolor Info: Driver file: pdftex.def on input line 274.

(/usr/share/texlive/texmf-dist/tex/latex/graphics-def/pdftex.def
File: pdftex.def 2024/04/13 v1.2c Graphics/color driver for pdftex
)
(/usr/share/texlive/texmf-dist/tex/latex/graphics/mathcolor.ltx)
Package xcolor Info: Model `cmy' substituted by `cmy0' on input line 1349.
Package xcolor Info: Model `hsb' substituted by `rgb' on input line 1353.
Package xcolor Info: Model `RGB' extended on input line 1365.
Package xcolor Info: Model `HTML' substituted by `rgb' on input line 1367.
Package xcolor Info: Model `Hsb' substituted by `hsb' on input line 1368.
Package xcolor Info: Model `tHsb' substituted by `hsb' on input line 1369.
Package xcolor Info: Model `HSB' substituted by `hsb' on input line 1370.
Package xcolor Info: Model `Gray' substituted by `gray' on input line 1371.
Package xcolor Info: Model `wave' substituted by `hsb' on input line 1372.
))
(/usr/share/texlive/texmf-dist/tex/latex/etoolbox/etoolbox.sty
Package: etoolbox 2025/02/11 v2.5l e-TeX tools for LaTeX (JAW)
\etb@tempcnta=\count273
)
(/usr/share/texlive/texmf-dist/tex/latex/graphics/graphicx.sty
Package: graphicx 2021/09/16 v1.2d Enhanced LaTeX Graphics (DPC,SPQR)

(/usr/share/texlive/texmf-dist/tex/latex/graphics/graphics.sty
Package: graphics 2024/08/06 v1.4g Standard LaTeX Graphics (DPC,SPQR)

(/usr/share/texlive/texmf-dist/tex/latex/graphics/trig.sty
Package: trig 2023/12/02 v1.11 sin cos tan (DPC)
)
(/usr/share/texlive/texmf-dist/tex/latex/graphics-cfg/graphics.cfg
File: graphics.cfg 2016/06/04 v1.11 sample graphics configuration
)
Package graphics Info: Driver file: pdftex.def on input line 106.
)
\Gin@req@height=\dimen146
\Gin@req@width=\dimen147
)
\AM@pagewidth=\dimen148
\AM@pageheight=\dimen149
\AM@fboxrule=\dimen150

(/usr/share/texlive/texmf-dist/tex/latex/pdfpages/pppdftex.def
File: pppdftex.def 2025/01/30 v0.6e Pdfpages driver for pdfTeX (AM)
)
\pdfpages@includegraphics@status=\count274
\AM@pagebox=\box52
\AM@global@opts=\toks18
\AM@pagecnt=\count275
\AM@toc@title=\toks19
\AM@lof@heading=\toks20
\c@AM@survey=\count276
\AM@templatesizebox=\box53
)
(/usr/share/texlive/texmf-dist/tex/latex/l3backend/l3backend-pdftex.def
File: l3backend-pdftex.def 2024-05-08 L3 backend support: PDF output (pdfTeX)
\l__color_backend_stack_int=\count277
\l__pdf_internal_box=\box54
)
(./booklet.aux)
\openout1 = `booklet.aux'.

LaTeX Font Info:    Checking defaults for OML/cmm/m/it on input line 3.
LaTeX Font Info:    ... okay on input line 3.
LaTeX Font Info:    Checking defaults for OMS/cmsy/m/n on input line 3.
LaTeX Font Info:    ... okay on input line 3.
LaTeX Font Info:    Checking defaults for OT1/cmr/m/n on input line 3.
LaTeX Font Info:    ... okay on input line 3.
LaTeX Font Info:    Checking defaults for T1/cmr/m/n on input line 3.
LaTeX Font Info:    ... okay on input line 3.
LaTeX Font Info:    Checking defaults for TS1/cmr/m/n on input line 3.
LaTeX Font Info:    ... okay on input line 3.
LaTeX Font Info:    Checking defaults for OMX/cmex/m/n on input line 3.
LaTeX Font Info:    ... okay on input line 3.
LaTeX Font Info:    Checking defaults for U/cmr/m/n on input line 3.
LaTeX Font Info:    ... okay on input line 3.

(/usr/share/texlive/texmf-dist/tex/context/base/mkii/supp-pdf.mkii
[Loading MPS to PDF converter (version 2006.09.02).]
\scratchcounter=\count278
\scratchdimen=\dimen151
\scratchbox=\box55
\nofMPsegments=\count279
\nofMParguments=\count280
\everyMPshowfont=\toks21
\MPscratchCnt=\count281
\MPscratchDim=\dimen152
\MPnumerator=\count282
\makeMPintoPDFobject=\count283
\everyMPtoPDFconversion=\toks22
) (/usr/share/texlive/texmf-dist/tex/latex/epstopdf-pkg/epstopdf-base.sty
Package: epstopdf-base 2020-01-24 v2.11 Base part for package epstopdf
Package epstopdf-base Info: Redefining graphics rule for `.eps' on input line 4
85.

(/usr/share/texlive/texmf-dist/tex/latex/latexconfig/epstopdf-sys.cfg
File: epstopdf-sys.cfg 2010/07/13 v1.3 Configuration of (r)epstopdf for TeX Liv
e
))
(/usr/share/texlive/texmf-dist/tex/latex/pdflscape/pdflscape.sty
Package: pdflscape 2022-10-27 v0.13 Display of landscape pages in PDF

(/usr/share/texlive/texmf-dist/tex/latex/pdflscape/pdflscape-nometadata.sty
Package: pdflscape-nometadata 2022-10-28 v0.13 Display of landscape pages in PD
F (HO)

(/usr/share/texlive/texmf-dist/tex/generic/iftex/iftex.sty
Package: iftex 2024/12/12 v1.0g TeX engine tests
)
(/usr/share/texlive/texmf-dist/tex/latex/graphics/lscape.sty
Package: lscape 2020/05/28 v3.02 Landscape Pages (DPC)
)
Package pdflscape Info: Auto-detected driver: pdftex on input line 81.
))
<part1.pdf, id=1, 421.10124pt x 597.50829pt>
File: part1.pdf Graphic file (type pdf)
<use part1.pdf>
Package pdftex.def Info: part1.pdf  used on input line 11.
(pdftex.def)             Requested size: 421.1002pt x 597.50682pt.


Package pdfpages Warning: Option `nup' not set correctly. 
(pdfpages)                I will continue with `nup=1x2'. Please remember
(pdfpages)                to set `nup' correctly when using `signature'.

<part1.pdf, id=3, page=84, 421.10124pt x 597.50829pt>
File: part1.pdf Graphic file (type pdf)
<use part1.pdf, page 84>
Package pdftex.def Info: part1.pdf , page84 used on input line 11.
(pdftex.def)             Requested size: 421.1002pt x 597.50682pt.
File: part1.pdf Graphic file (type pdf)
<use part1.pdf, page 84>
Package pdftex.def Info: part1.pdf , page84 used on input line 11.
(pdftex.def)             Requested size: 402.54341pt x 571.17625pt.
File: part1.pdf Graphic file (type pdf)
<use part1.pdf, page 84>
Package pdftex.def Info: part1.pdf , page84 used on input line 11.
(pdftex.def)             Requested size: 402.54341pt x 571.17625pt.
File: part1.pdf Graphic file (type pdf)
<use part1.pdf, page 84>
Package pdftex.def Info: part1.pdf , page84 used on input line 11.
(pdftex.def)             Requested size: 402.54341pt x 571.17625pt.
<part1.pdf, id=4, page=1, 421.10124pt x 597.50829pt>
File: part1.pdf Graphic file (type pdf)
<use part1.pdf, page 1>
Package pdftex.def Info: part1.pdf , page1 used on input line 11.
(pdftex.def)             Requested size: 402.54341pt x 571.17625pt.
File: part1.pdf Graphic file (type pdf)
<use part1.pdf, page 1>
Package pdftex.def Info: part1.pdf , page1 used on input line 11.
(pdftex.def)             Requested size: 402.54341pt x 571.17625pt.


File: part1.pdf Graphic file (type pdf)
<use part1.pdf, page 84>
Package pdftex.def Info: part1.pdf , page84 used on input line 11.
(pdftex.def)             Requested size: 402.54341pt x 571.17625pt.
File: part1.pdf Graphic file (type pdf)
<use part1.pdf, page 1>
Package pdftex.def Info: part1.pdf , page1 used on input line 11.
(pdftex.def)             Requested size: 402.54341pt x 571.17625pt.
[1


 <./part1.pdf> <./part1.pdf{/var/lib/texmf/fonts/map/pdftex/updmap/pdftex.map}>
]
<part1.pdf, id=29, page=2, 421.10124pt x 597.50829pt>
File: part1.pdf Graphic file (type pdf)
<use part1.pdf, page 2>
Package pdftex.def Info: part1.pdf , page2 used on input line 11.
(pdftex.def)             Requested size: 402.54341pt x 571.17625pt.
File: part1.pdf Graphic file (type pdf)
<use part1.pdf, page 2>
Package pdftex.def Info: part1.pdf , page2 used on input line 11.
(pdftex.def)             Requested size: 402.54341pt x 571.17625pt.
<part1.pdf, id=30, page=83, 421.10124pt x 597.50829pt>
File: part1.pdf Graphic file (type pdf)
<use part1.pdf, page 83>
Package pdftex.def Info: part1.pdf , page83 used on input line 11.
(pdftex.def)             Requested size: 402.54341pt x 571.17625pt.
File: part1.pdf Graphic file (type pdf)
<use part1.pdf, page 83>
Package pdftex.def Info: part1.pdf , page83 used on input line 11.
(pdftex.def)             Requested size: 402.54341pt x 571.17625pt.


File: part1.pdf Graphic file (type pdf)
<use part1.pdf, page 2>
Package pdftex.def Info: part1.pdf , page2 used on input line 11.
(pdftex.def)             Requested size: 402.54341pt x 571.17625pt.
File: part1.pdf Graphic file (type pdf)
<use part1.pdf, page 83>
Package pdftex.def Info: part1.pdf , page83 used on input line 11.
(pdftex.def)             Requested size: 402.54341pt x 571.17625pt.
[2

 <./part1.pdf> <./part1.pdf>]
<part1.pdf, id=94, page=82, 421.10124pt x 597.50829pt>
File: part1.pdf Graphic file (type pdf)
<use part1.pdf, page 82>
Package pdftex.def Info: part1.pdf , page82 used on input line 11.
(pdftex.def)             Requested size: 402.54341pt x 571.17625pt.
File: part1.pdf Graphic file (type pdf)
<use part1.pdf, page 82>
Package pdftex.def Info: part1.pdf , page82 used on input line 11.
(pdftex.def)             Requested size: 402.54341pt x 571.17625pt.
<part1.pdf, id=95, page=3, 421.10124pt x 597.50829pt>
File: part1.pdf Graphic file (type pdf)
<use part1.pdf, page 3>
Package pdftex.def Info: part1.pdf , page3 used on input line 11.
(pdftex.def)             Requested size: 402.54341pt x 571.17625pt.
File: part1.pdf Graphic file (type pdf)
<use part1.pdf, page 3>
Package pdftex.def Info: part1.pdf , page3 used on input line 11.
(pdftex.def)             Requested size: 402.54341pt x 571.17625pt.


File: part1.pdf Graphic file (type pdf)
<use part1.pdf, page 82>
Package pdftex.def Info: part1.pdf , page82 used on input line 11.
(pdftex.def)             Requested size: 402.54341pt x 571.17625pt.
File: part1.pdf Graphic file (type pdf)
<use part1.pdf, page 3>
Package pdftex.def Info: part1.pdf , page3 used on input line 11.
(pdftex.def)             Requested size: 402.54341pt x 571.17625pt.
[3

 <./part1.pdf> <./part1.pdf>]
<part1.pdf, id=105, page=4, 421.10124pt x 597.50829pt>
File: part1.pdf Graphic file (type pdf)
<use part1.pdf, page 4>
Package pdftex.def Info: part1.pdf , page4 used on input line 11.
(pdftex.def)             Requested size: 402.54341pt x 571.17625pt.
File: part1.pdf Graphic file (type pdf)
<use part1.pdf, page 4>
Package pdftex.def Info: part1.pdf , page4 used on input line 11.
(pdftex.def)             Requested size: 402.54341pt x 571.17625pt.
<part1.pdf, id=106, page=81, 421.10124pt x 597.50829pt>
File: part1.pdf Graphic file (type pdf)
<use part1.pdf, page 81>
Package pdftex.def Info: part1.pdf , page81 used on input line 11.
(pdftex.def)             Requested size: 402.54341pt x 571.17625pt.
File: part1.pdf Graphic file (type pdf)
<use part1.pdf, page 81>
Package pdftex.def Info: part1.pdf , page81 used on input line 11.
(pdftex.def)             Requested size: 402.54341pt x 571.17625pt.


File: part1.pdf Graphic file (type pdf)
<use part1.pdf, page 4>
Package pdftex.def Info: part1.pdf , page4 used on input line 11.
(pdftex.def)             Requested size: 402.54341pt x 571.17625pt.
File: part1.pdf Graphic file (type pdf)
<use part1.pdf, page 81>
Package pdftex.def Info: part1.pdf , page81 used on input line 11.
(pdftex.def)             Requested size: 402.54341pt x 571.17625pt.
[4

 <./part1.pdf> <./part1.pdf>]
<part1.pdf, id=116, page=80, 421.10124pt x 597.50829pt>
File: part1.pdf Graphic file (type pdf)
<use part1.pdf, page 80>
Package pdftex.def Info: part1.pdf , page80 used on input line 11.
(pdftex.def)             Requested size: 402.54341pt x 571.17625pt.
File: part1.pdf Graphic file (type pdf)
<use part1.pdf, page 80>
Package pdftex.def Info: part1.pdf , page80 used on input line 11.
(pdftex.def)             Requested size: 402.54341pt x 571.17625pt.
<part1.pdf, id=117, page=5, 421.10124pt x 597.50829pt>
File: part1.pdf Graphic file (type pdf)
<use part1.pdf, page 5>
Package pdftex.def Info: part1.pdf , page5 used on input line 11.
(pdftex.def)             Requested size: 402.54341pt x 571.17625pt.
File: part1.pdf Graphic file (type pdf)
<use part1.pdf, page 5>
Package pdftex.def Info: part1.pdf , page5 used on input line 11.
(pdftex.def)             Requested size: 402.54341pt x 571.17625pt.


File: part1.pdf Graphic file (type pdf)
<use part1.pdf, page 80>
Package pdftex.def Info: part1.pdf , page80 used on input line 11.
(pdftex.def)             Requested size: 402.54341pt x 571.17625pt.
File: part1.pdf Graphic file (type pdf)
<use part1.pdf, page 5>
Package pdftex.def Info: part1.pdf , page5 used on input line 11.
(pdftex.def)             Requested size: 402.54341pt x 571.17625pt.
[5

 <./part1.pdf> <./part1.pdf>]
<part1.pdf, id=121, page=6, 421.10124pt x 597.50829pt>
File: part1.pdf Graphic file (type pdf)
<use part1.pdf, page 6>
Package pdftex.def Info: part1.pdf , page6 used on input line 11.
(pdftex.def)             Requested size: 402.54341pt x 571.17625pt.
File: part1.pdf Graphic file (type pdf)
<use part1.pdf, page 6>
Package pdftex.def Info: part1.pdf , page6 used on input line 11.
(pdftex.def)             Requested size: 402.54341pt x 571.17625pt.
<part1.pdf, id=122, page=79, 421.10124pt x 597.50829pt>
File: part1.pdf Graphic file (type pdf)
<use part1.pdf, page 79>
Package pdftex.def Info: part1.pdf , page79 used on input line 11.
(pdftex.def)             Requested size: 402.54341pt x 571.17625pt.
File: part1.pdf Graphic file (type pdf)
<use part1.pdf, page 79>
Package pdftex.def Info: part1.pdf , page79 used on input line 11.
(pdftex.def)             Requested size: 402.54341pt x 571.17625pt.


File: part1.pdf Graphic file (type pdf)
<use part1.pdf, page 6>
Package pdftex.def Info: part1.pdf , page6 used on input line 11.
(pdftex.def)             Requested size: 402.54341pt x 571.17625pt.
File: part1.pdf Graphic file (type pdf)
<use part1.pdf, page 79>
Package pdftex.def Info: part1.pdf , page79 used on input line 11.
(pdftex.def)             Requested size: 402.54341pt x 571.17625pt.
[6

 <./part1.pdf> <./part1.pdf>]
<part1.pdf, id=126, page=78, 421.10124pt x 597.50829pt>
File: part1.pdf Graphic file (type pdf)
<use part1.pdf, page 78>
Package pdftex.def Info: part1.pdf , page78 used on input line 11.
(pdftex.def)             Requested size: 402.54341pt x 571.17625pt.
File: part1.pdf Graphic file (type pdf)
<use part1.pdf, page 78>
Package pdftex.def Info: part1.pdf , page78 used on input line 11.
(pdftex.def)             Requested size: 402.54341pt x 571.17625pt.
<part1.pdf, id=127, page=7, 421.10124pt x 597.50829pt>
File: part1.pdf Graphic file (type pdf)
<use part1.pdf, page 7>
Package pdftex.def Info: part1.pdf , page7 used on input line 11.
(pdftex.def)             Requested size: 402.54341pt x 571.17625pt.
File: part1.pdf Graphic file (type pdf)
<use part1.pdf, page 7>
Package pdftex.def Info: part1.pdf , page7 used on input line 11.
(pdftex.def)             Requested size: 402.54341pt x 571.17625pt.


File: part1.pdf Graphic file (type pdf)
<use part1.pdf, page 78>
Package pdftex.def Info: part1.pdf , page78 used on input line 11.
(pdftex.def)             Requested size: 402.54341pt x 571.17625pt.
File: part1.pdf Graphic file (type pdf)
<use part1.pdf, page 7>
Package pdftex.def Info: part1.pdf , page7 used on input line 11.
(pdftex.def)             Requested size: 402.54341pt x 571.17625pt.
[7

 <./part1.pdf> <./part1.pdf>]
<part1.pdf, id=132, page=8, 421.10124pt x 597.50829pt>
File: part1.pdf Graphic file (type pdf)
<use part1.pdf, page 8>
Package pdftex.def Info: part1.pdf , page8 used on input line 11.
(pdftex.def)             Requested size: 402.54341pt x 571.17625pt.
File: part1.pdf Graphic file (type pdf)
<use part1.pdf, page 8>
Package pdftex.def Info: part1.pdf , page8 used on input line 11.
(pdftex.def)             Requested size: 402.54341pt x 571.17625pt.
<part1.pdf, id=133, page=77, 421.10124pt x 597.50829pt>
File: part1.pdf Graphic file (type pdf)
<use part1.pdf, page 77>
Package pdftex.def Info: part1.pdf , page77 used on input line 11.
(pdftex.def)             Requested size: 402.54341pt x 571.17625pt.
File: part1.pdf Graphic file (type pdf)
<use part1.pdf, page 77>
Package pdftex.def Info: part1.pdf , page77 used on input line 11.
(pdftex.def)             Requested size: 402.54341pt x 571.17625pt.


File: part1.pdf Graphic file (type pdf)
<use part1.pdf, page 8>
Package pdftex.def Info: part1.pdf , page8 used on input line 11.
(pdftex.def)             Requested size: 402.54341pt x 571.17625pt.
File: part1.pdf Graphic file (type pdf)
<use part1.pdf, page 77>
Package pdftex.def Info: part1.pdf , page77 used on input line 11.
(pdftex.def)             Requested size: 402.54341pt x 571.17625pt.
[8

 <./part1.pdf> <./part1.pdf>]
<part1.pdf, id=137, page=76, 421.10124pt x 597.50829pt>
File: part1.pdf Graphic file (type pdf)
<use part1.pdf, page 76>
Package pdftex.def Info: part1.pdf , page76 used on input line 11.
(pdftex.def)             Requested size: 402.54341pt x 571.17625pt.
File: part1.pdf Graphic file (type pdf)
<use part1.pdf, page 76>
Package pdftex.def Info: part1.pdf , page76 used on input line 11.
(pdftex.def)             Requested size: 402.54341pt x 571.17625pt.
<part1.pdf, id=138, page=9, 421.10124pt x 597.50829pt>
File: part1.pdf Graphic file (type pdf)
<use part1.pdf, page 9>
Package pdftex.def Info: part1.pdf , page9 used on input line 11.
(pdftex.def)             Requested size: 402.54341pt x 571.17625pt.
File: part1.pdf Graphic file (type pdf)
<use part1.pdf, page 9>
Package pdftex.def Info: part1.pdf , page9 used on input line 11.
(pdftex.def)             Requested size: 402.54341pt x 571.17625pt.


File: part1.pdf Graphic file (type pdf)
<use part1.pdf, page 76>
Package pdftex.def Info: part1.pdf , page76 used on input line 11.
(pdftex.def)             Requested size: 402.54341pt x 571.17625pt.
File: part1.pdf Graphic file (type pdf)
<use part1.pdf, page 9>
Package pdftex.def Info: part1.pdf , page9 used on input line 11.
(pdftex.def)             Requested size: 402.54341pt x 571.17625pt.
[9

 <./part1.pdf> <./part1.pdf>]
<part1.pdf, id=142, page=10, 421.10124pt x 597.50829pt>
File: part1.pdf Graphic file (type pdf)
<use part1.pdf, page 10>
Package pdftex.def Info: part1.pdf , page10 used on input line 11.
(pdftex.def)             Requested size: 402.54341pt x 571.17625pt.
File: part1.pdf Graphic file (type pdf)
<use part1.pdf, page 10>
Package pdftex.def Info: part1.pdf , page10 used on input line 11.
(pdftex.def)             Requested size: 402.54341pt x 571.17625pt.
<part1.pdf, id=143, page=75, 421.10124pt x 597.50829pt>
File: part1.pdf Graphic file (type pdf)
<use part1.pdf, page 75>
Package pdftex.def Info: part1.pdf , page75 used on input line 11.
(pdftex.def)             Requested size: 402.54341pt x 571.17625pt.
File: part1.pdf Graphic file (type pdf)
<use part1.pdf, page 75>
Package pdftex.def Info: part1.pdf , page75 used on input line 11.
(pdftex.def)             Requested size: 402.54341pt x 571.17625pt.


File: part1.pdf Graphic file (type pdf)
<use part1.pdf, page 10>
Package pdftex.def Info: part1.pdf , page10 used on input line 11.
(pdftex.def)             Requested size: 402.54341pt x 571.17625pt.
File: part1.pdf Graphic file (type pdf)
<use part1.pdf, page 75>
Package pdftex.def Info: part1.pdf , page75 used on input line 11.
(pdftex.def)             Requested size: 402.54341pt x 571.17625pt.
[10

 <./part1.pdf> <./part1.pdf>]
<part1.pdf, id=147, page=74, 421.10124pt x 597.50829pt>
File: part1.pdf Graphic file (type pdf)
<use part1.pdf, page 74>
Package pdftex.def Info: part1.pdf , page74 used on input line 11.
(pdftex.def)             Requested size: 402.54341pt x 571.17625pt.
File: part1.pdf Graphic file (type pdf)
<use part1.pdf, page 74>
Package pdftex.def Info: part1.pdf , page74 used on input line 11.
(pdftex.def)             Requested size: 402.54341pt x 571.17625pt.
<part1.pdf, id=148, page=11, 421.10124pt x 597.50829pt>
File: part1.pdf Graphic file (type pdf)
<use part1.pdf, page 11>
Package pdftex.def Info: part1.pdf , page11 used on input line 11.
(pdftex.def)             Requested size: 402.54341pt x 571.17625pt.
File: part1.pdf Graphic file (type pdf)
<use part1.pdf, page 11>
Package pdftex.def Info: part1.pdf , page11 used on input line 11.
(pdftex.def)             Requested size: 402.54341pt x 571.17625pt.


File: part1.pdf Graphic file (type pdf)
<use part1.pdf, page 74>
Package pdftex.def Info: part1.pdf , page74 used on input line 11.
(pdftex.def)             Requested size: 402.54341pt x 571.17625pt.
File: part1.pdf Graphic file (type pdf)
<use part1.pdf, page 11>
Package pdftex.def Info: part1.pdf , page11 used on input line 11.
(pdftex.def)             Requested size: 402.54341pt x 571.17625pt.
[11

 <./part1.pdf> <./part1.pdf>]
<part1.pdf, id=165, page=12, 421.10124pt x 597.50829pt>
File: part1.pdf Graphic file (type pdf)
<use part1.pdf, page 12>
Package pdftex.def Info: part1.pdf , page12 used on input line 11.
(pdftex.def)             Requested size: 402.54341pt x 571.17625pt.
File: part1.pdf Graphic file (type pdf)
<use part1.pdf, page 12>
Package pdftex.def Info: part1.pdf , page12 used on input line 11.
(pdftex.def)             Requested size: 402.54341pt x 571.17625pt.
<part1.pdf, id=166, page=73, 421.10124pt x 597.50829pt>
File: part1.pdf Graphic file (type pdf)
<use part1.pdf, page 73>
Package pdftex.def Info: part1.pdf , page73 used on input line 11.
(pdftex.def)             Requested size: 402.54341pt x 571.17625pt.
File: part1.pdf Graphic file (type pdf)
<use part1.pdf, page 73>
Package pdftex.def Info: part1.pdf , page73 used on input line 11.
(pdftex.def)             Requested size: 402.54341pt x 571.17625pt.


File: part1.pdf Graphic file (type pdf)
<use part1.pdf, page 12>
Package pdftex.def Info: part1.pdf , page12 used on input line 11.
(pdftex.def)             Requested size: 402.54341pt x 571.17625pt.
File: part1.pdf Graphic file (type pdf)
<use part1.pdf, page 73>
Package pdftex.def Info: part1.pdf , page73 used on input line 11.
(pdftex.def)             Requested size: 402.54341pt x 571.17625pt.
[12

 <./part1.pdf> <./part1.pdf>]
<part1.pdf, id=176, page=72, 421.10124pt x 597.50829pt>
File: part1.pdf Graphic file (type pdf)
<use part1.pdf, page 72>
Package pdftex.def Info: part1.pdf , page72 used on input line 11.
(pdftex.def)             Requested size: 402.54341pt x 571.17625pt.
File: part1.pdf Graphic file (type pdf)
<use part1.pdf, page 72>
Package pdftex.def Info: part1.pdf , page72 used on input line 11.
(pdftex.def)             Requested size: 402.54341pt x 571.17625pt.
<part1.pdf, id=177, page=13, 421.10124pt x 597.50829pt>
File: part1.pdf Graphic file (type pdf)
<use part1.pdf, page 13>
Package pdftex.def Info: part1.pdf , page13 used on input line 11.
(pdftex.def)             Requested size: 402.54341pt x 571.17625pt.
File: part1.pdf Graphic file (type pdf)
<use part1.pdf, page 13>
Package pdftex.def Info: part1.pdf , page13 used on input line 11.
(pdftex.def)             Requested size: 402.54341pt x 571.17625pt.


File: part1.pdf Graphic file (type pdf)
<use part1.pdf, page 72>
Package pdftex.def Info: part1.pdf , page72 used on input line 11.
(pdftex.def)             Requested size: 402.54341pt x 571.17625pt.
File: part1.pdf Graphic file (type pdf)
<use part1.pdf, page 13>
Package pdftex.def Info: part1.pdf , page13 used on input line 11.
(pdftex.def)             Requested size: 402.54341pt x 571.17625pt.
[13

 <./part1.pdf> <./part1.pdf>]
<part1.pdf, id=182, page=14, 421.10124pt x 597.50829pt>
File: part1.pdf Graphic file (type pdf)
<use part1.pdf, page 14>
Package pdftex.def Info: part1.pdf , page14 used on input line 11.
(pdftex.def)             Requested size: 402.54341pt x 571.17625pt.
File: part1.pdf Graphic file (type pdf)
<use part1.pdf, page 14>
Package pdftex.def Info: part1.pdf , page14 used on input line 11.
(pdftex.def)             Requested size: 402.54341pt x 571.17625pt.
<part1.pdf, id=183, page=71, 421.10124pt x 597.50829pt>
File: part1.pdf Graphic file (type pdf)
<use part1.pdf, page 71>
Package pdftex.def Info: part1.pdf , page71 used on input line 11.
(pdftex.def)             Requested size: 402.54341pt x 571.17625pt.
File: part1.pdf Graphic file (type pdf)
<use part1.pdf, page 71>
Package pdftex.def Info: part1.pdf , page71 used on input line 11.
(pdftex.def)             Requested size: 402.54341pt x 571.17625pt.


File: part1.pdf Graphic file (type pdf)
<use part1.pdf, page 14>
Package pdftex.def Info: part1.pdf , page14 used on input line 11.
(pdftex.def)             Requested size: 402.54341pt x 571.17625pt.
File: part1.pdf Graphic file (type pdf)
<use part1.pdf, page 71>
Package pdftex.def Info: part1.pdf , page71 used on input line 11.
(pdftex.def)             Requested size: 402.54341pt x 571.17625pt.
[14

 <./part1.pdf> <./part1.pdf>]
<part1.pdf, id=187, page=70, 421.10124pt x 597.50829pt>
File: part1.pdf Graphic file (type pdf)
<use part1.pdf, page 70>
Package pdftex.def Info: part1.pdf , page70 used on input line 11.
(pdftex.def)             Requested size: 402.54341pt x 571.17625pt.
File: part1.pdf Graphic file (type pdf)
<use part1.pdf, page 70>
Package pdftex.def Info: part1.pdf , page70 used on input line 11.
(pdftex.def)             Requested size: 402.54341pt x 571.17625pt.
<part1.pdf, id=188, page=15, 421.10124pt x 597.50829pt>
File: part1.pdf Graphic file (type pdf)
<use part1.pdf, page 15>
Package pdftex.def Info: part1.pdf , page15 used on input line 11.
(pdftex.def)             Requested size: 402.54341pt x 571.17625pt.
File: part1.pdf Graphic file (type pdf)
<use part1.pdf, page 15>
Package pdftex.def Info: part1.pdf , page15 used on input line 11.
(pdftex.def)             Requested size: 402.54341pt x 571.17625pt.


File: part1.pdf Graphic file (type pdf)
<use part1.pdf, page 70>
Package pdftex.def Info: part1.pdf , page70 used on input line 11.
(pdftex.def)             Requested size: 402.54341pt x 571.17625pt.
File: part1.pdf Graphic file (type pdf)
<use part1.pdf, page 15>
Package pdftex.def Info: part1.pdf , page15 used on input line 11.
(pdftex.def)             Requested size: 402.54341pt x 571.17625pt.
[15

 <./part1.pdf> <./part1.pdf>]
<part1.pdf, id=209, page=16, 421.10124pt x 597.50829pt>
File: part1.pdf Graphic file (type pdf)
<use part1.pdf, page 16>
Package pdftex.def Info: part1.pdf , page16 used on input line 11.
(pdftex.def)             Requested size: 402.54341pt x 571.17625pt.
File: part1.pdf Graphic file (type pdf)
<use part1.pdf, page 16>
Package pdftex.def Info: part1.pdf , page16 used on input line 11.
(pdftex.def)             Requested size: 402.54341pt x 571.17625pt.
<part1.pdf, id=210, page=69, 421.10124pt x 597.50829pt>
File: part1.pdf Graphic file (type pdf)
<use part1.pdf, page 69>
Package pdftex.def Info: part1.pdf , page69 used on input line 11.
(pdftex.def)             Requested size: 402.54341pt x 571.17625pt.
File: part1.pdf Graphic file (type pdf)
<use part1.pdf, page 69>
Package pdftex.def Info: part1.pdf , page69 used on input line 11.
(pdftex.def)             Requested size: 402.54341pt x 571.17625pt.


File: part1.pdf Graphic file (type pdf)
<use part1.pdf, page 16>
Package pdftex.def Info: part1.pdf , page16 used on input line 11.
(pdftex.def)             Requested size: 402.54341pt x 571.17625pt.
File: part1.pdf Graphic file (type pdf)
<use part1.pdf, page 69>
Package pdftex.def Info: part1.pdf , page69 used on input line 11.
(pdftex.def)             Requested size: 402.54341pt x 571.17625pt.
[16

 <./part1.pdf> <./part1.pdf>]
<part1.pdf, id=215, page=68, 421.10124pt x 597.50829pt>
File: part1.pdf Graphic file (type pdf)
<use part1.pdf, page 68>
Package pdftex.def Info: part1.pdf , page68 used on input line 11.
(pdftex.def)             Requested size: 402.54341pt x 571.17625pt.
File: part1.pdf Graphic file (type pdf)
<use part1.pdf, page 68>
Package pdftex.def Info: part1.pdf , page68 used on input line 11.
(pdftex.def)             Requested size: 402.54341pt x 571.17625pt.
<part1.pdf, id=216, page=17, 421.10124pt x 597.50829pt>
File: part1.pdf Graphic file (type pdf)
<use part1.pdf, page 17>
Package pdftex.def Info: part1.pdf , page17 used on input line 11.
(pdftex.def)             Requested size: 402.54341pt x 571.17625pt.
File: part1.pdf Graphic file (type pdf)
<use part1.pdf, page 17>
Package pdftex.def Info: part1.pdf , page17 used on input line 11.
(pdftex.def)             Requested size: 402.54341pt x 571.17625pt.


File: part1.pdf Graphic file (type pdf)
<use part1.pdf, page 68>
Package pdftex.def Info: part1.pdf , page68 used on input line 11.
(pdftex.def)             Requested size: 402.54341pt x 571.17625pt.
File: part1.pdf Graphic file (type pdf)
<use part1.pdf, page 17>
Package pdftex.def Info: part1.pdf , page17 used on input line 11.
(pdftex.def)             Requested size: 402.54341pt x 571.17625pt.
[17

 <./part1.pdf> <./part1.pdf>]
<part1.pdf, id=220, page=18, 421.10124pt x 597.50829pt>
File: part1.pdf Graphic file (type pdf)
<use part1.pdf, page 18>
Package pdftex.def Info: part1.pdf , page18 used on input line 11.
(pdftex.def)             Requested size: 402.54341pt x 571.17625pt.
File: part1.pdf Graphic file (type pdf)
<use part1.pdf, page 18>
Package pdftex.def Info: part1.pdf , page18 used on input line 11.
(pdftex.def)             Requested size: 402.54341pt x 571.17625pt.
<part1.pdf, id=221, page=67, 421.10124pt x 597.50829pt>
File: part1.pdf Graphic file (type pdf)
<use part1.pdf, page 67>
Package pdftex.def Info: part1.pdf , page67 used on input line 11.
(pdftex.def)             Requested size: 402.54341pt x 571.17625pt.
File: part1.pdf Graphic file (type pdf)
<use part1.pdf, page 67>
Package pdftex.def Info: part1.pdf , page67 used on input line 11.
(pdftex.def)             Requested size: 402.54341pt x 571.17625pt.


File: part1.pdf Graphic file (type pdf)
<use part1.pdf, page 18>
Package pdftex.def Info: part1.pdf , page18 used on input line 11.
(pdftex.def)             Requested size: 402.54341pt x 571.17625pt.
File: part1.pdf Graphic file (type pdf)
<use part1.pdf, page 67>
Package pdftex.def Info: part1.pdf , page67 used on input line 11.
(pdftex.def)             Requested size: 402.54341pt x 571.17625pt.
[18

 <./part1.pdf> <./part1.pdf>]
<part1.pdf, id=242, page=66, 421.10124pt x 597.50829pt>
File: part1.pdf Graphic file (type pdf)
<use part1.pdf, page 66>
Package pdftex.def Info: part1.pdf , page66 used on input line 11.
(pdftex.def)             Requested size: 402.54341pt x 571.17625pt.
File: part1.pdf Graphic file (type pdf)
<use part1.pdf, page 66>
Package pdftex.def Info: part1.pdf , page66 used on input line 11.
(pdftex.def)             Requested size: 402.54341pt x 571.17625pt.
<part1.pdf, id=243, page=19, 421.10124pt x 597.50829pt>
File: part1.pdf Graphic file (type pdf)
<use part1.pdf, page 19>
Package pdftex.def Info: part1.pdf , page19 used on input line 11.
(pdftex.def)             Requested size: 402.54341pt x 571.17625pt.
File: part1.pdf Graphic file (type pdf)
<use part1.pdf, page 19>
Package pdftex.def Info: part1.pdf , page19 used on input line 11.
(pdftex.def)             Requested size: 402.54341pt x 571.17625pt.


File: part1.pdf Graphic file (type pdf)
<use part1.pdf, page 66>
Package pdftex.def Info: part1.pdf , page66 used on input line 11.
(pdftex.def)             Requested size: 402.54341pt x 571.17625pt.
File: part1.pdf Graphic file (type pdf)
<use part1.pdf, page 19>
Package pdftex.def Info: part1.pdf , page19 used on input line 11.
(pdftex.def)             Requested size: 402.54341pt x 571.17625pt.
[19

 <./part1.pdf> <./part1.pdf>]
<part1.pdf, id=248, page=20, 421.10124pt x 597.50829pt>
File: part1.pdf Graphic file (type pdf)
<use part1.pdf, page 20>
Package pdftex.def Info: part1.pdf , page20 used on input line 11.
(pdftex.def)             Requested size: 402.54341pt x 571.17625pt.
File: part1.pdf Graphic file (type pdf)
<use part1.pdf, page 20>
Package pdftex.def Info: part1.pdf , page20 used on input line 11.
(pdftex.def)             Requested size: 402.54341pt x 571.17625pt.
<part1.pdf, id=249, page=65, 421.10124pt x 597.50829pt>
File: part1.pdf Graphic file (type pdf)
<use part1.pdf, page 65>
Package pdftex.def Info: part1.pdf , page65 used on input line 11.
(pdftex.def)             Requested size: 402.54341pt x 571.17625pt.
File: part1.pdf Graphic file (type pdf)
<use part1.pdf, page 65>
Package pdftex.def Info: part1.pdf , page65 used on input line 11.
(pdftex.def)             Requested size: 402.54341pt x 571.17625pt.


File: part1.pdf Graphic file (type pdf)
<use part1.pdf, page 20>
Package pdftex.def Info: part1.pdf , page20 used on input line 11.
(pdftex.def)             Requested size: 402.54341pt x 571.17625pt.
File: part1.pdf Graphic file (type pdf)
<use part1.pdf, page 65>
Package pdftex.def Info: part1.pdf , page65 used on input line 11.
(pdftex.def)             Requested size: 402.54341pt x 571.17625pt.
[20

 <./part1.pdf> <./part1.pdf

pdfTeX warning: pdflatex (file ./part1.pdf): PDF inclusion: multiple pdfs with 
page group included in a single page
>]
<part1.pdf, id=262, page=64, 421.10124pt x 597.50829pt>
File: part1.pdf Graphic file (type pdf)
<use part1.pdf, page 64>
Package pdftex.def Info: part1.pdf , page64 used on input line 11.
(pdftex.def)             Requested size: 402.54341pt x 571.17625pt.
File: part1.pdf Graphic file (type pdf)
<use part1.pdf, page 64>
Package pdftex.def Info: part1.pdf , page64 used on input line 11.
(pdftex.def)             Requested size: 402.54341pt x 571.17625pt.
<part1.pdf, id=263, page=21, 421.10124pt x 597.50829pt>
File: part1.pdf Graphic file (type pdf)
<use part1.pdf, page 21>
Package pdftex.def Info: part1.pdf , page21 used on input line 11.
(pdftex.def)             Requested size: 402.54341pt x 571.17625pt.
File: part1.pdf Graphic file (type pdf)
<use part1.pdf, page 21>
Package pdftex.def Info: part1.pdf , page21 used on input line 11.
(pdftex.def)             Requested size: 402.54341pt x 571.17625pt.


File: part1.pdf Graphic file (type pdf)
<use part1.pdf, page 64>
Package pdftex.def Info: part1.pdf , page64 used on input line 11.
(pdftex.def)             Requested size: 402.54341pt x 571.17625pt.
File: part1.pdf Graphic file (type pdf)
<use part1.pdf, page 21>
Package pdftex.def Info: part1.pdf , page21 used on input line 11.
(pdftex.def)             Requested size: 402.54341pt x 571.17625pt.
[21

 <./part1.pdf> <./part1.pdf>]
<part1.pdf, id=271, page=22, 421.10124pt x 597.50829pt>
File: part1.pdf Graphic file (type pdf)
<use part1.pdf, page 22>
Package pdftex.def Info: part1.pdf , page22 used on input line 11.
(pdftex.def)             Requested size: 402.54341pt x 571.17625pt.
File: part1.pdf Graphic file (type pdf)
<use part1.pdf, page 22>
Package pdftex.def Info: part1.pdf , page22 used on input line 11.
(pdftex.def)             Requested size: 402.54341pt x 571.17625pt.
<part1.pdf, id=272, page=63, 421.10124pt x 597.50829pt>
File: part1.pdf Graphic file (type pdf)
<use part1.pdf, page 63>
Package pdftex.def Info: part1.pdf , page63 used on input line 11.
(pdftex.def)             Requested size: 402.54341pt x 571.17625pt.
File: part1.pdf Graphic file (type pdf)
<use part1.pdf, page 63>
Package pdftex.def Info: part1.pdf , page63 used on input line 11.
(pdftex.def)             Requested size: 402.54341pt x 571.17625pt.


File: part1.pdf Graphic file (type pdf)
<use part1.pdf, page 22>
Package pdftex.def Info: part1.pdf , page22 used on input line 11.
(pdftex.def)             Requested size: 402.54341pt x 571.17625pt.
File: part1.pdf Graphic file (type pdf)
<use part1.pdf, page 63>
Package pdftex.def Info: part1.pdf , page63 used on input line 11.
(pdftex.def)             Requested size: 402.54341pt x 571.17625pt.
[22

 <./part1.pdf> <./part1.pdf>]
<part1.pdf, id=276, page=62, 421.10124pt x 597.50829pt>
File: part1.pdf Graphic file (type pdf)
<use part1.pdf, page 62>
Package pdftex.def Info: part1.pdf , page62 used on input line 11.
(pdftex.def)             Requested size: 402.54341pt x 571.17625pt.
File: part1.pdf Graphic file (type pdf)
<use part1.pdf, page 62>
Package pdftex.def Info: part1.pdf , page62 used on input line 11.
(pdftex.def)             Requested size: 402.54341pt x 571.17625pt.
<part1.pdf, id=277, page=23, 421.10124pt x 597.50829pt>
File: part1.pdf Graphic file (type pdf)
<use part1.pdf, page 23>
Package pdftex.def Info: part1.pdf , page23 used on input line 11.
(pdftex.def)             Requested size: 402.54341pt x 571.17625pt.
File: part1.pdf Graphic file (type pdf)
<use part1.pdf, page 23>
Package pdftex.def Info: part1.pdf , page23 used on input line 11.
(pdftex.def)             Requested size: 402.54341pt x 571.17625pt.


File: part1.pdf Graphic file (type pdf)
<use part1.pdf, page 62>
Package pdftex.def Info: part1.pdf , page62 used on input line 11.
(pdftex.def)             Requested size: 402.54341pt x 571.17625pt.
File: part1.pdf Graphic file (type pdf)
<use part1.pdf, page 23>
Package pdftex.def Info: part1.pdf , page23 used on input line 11.
(pdftex.def)             Requested size: 402.54341pt x 571.17625pt.
[23

 <./part1.pdf> <./part1.pdf>]
<part1.pdf, id=281, page=24, 421.10124pt x 597.50829pt>
File: part1.pdf Graphic file (type pdf)
<use part1.pdf, page 24>
Package pdftex.def Info: part1.pdf , page24 used on input line 11.
(pdftex.def)             Requested size: 402.54341pt x 571.17625pt.
File: part1.pdf Graphic file (type pdf)
<use part1.pdf, page 24>
Package pdftex.def Info: part1.pdf , page24 used on input line 11.
(pdftex.def)             Requested size: 402.54341pt x 571.17625pt.
<part1.pdf, id=282, page=61, 421.10124pt x 597.50829pt>
File: part1.pdf Graphic file (type pdf)
<use part1.pdf, page 61>
Package pdftex.def Info: part1.pdf , page61 used on input line 11.
(pdftex.def)             Requested size: 402.54341pt x 571.17625pt.
File: part1.pdf Graphic file (type pdf)
<use part1.pdf, page 61>
Package pdftex.def Info: part1.pdf , page61 used on input line 11.
(pdftex.def)             Requested size: 402.54341pt x 571.17625pt.


File: part1.pdf Graphic file (type pdf)
<use part1.pdf, page 24>
Package pdftex.def Info: part1.pdf , page24 used on input line 11.
(pdftex.def)             Requested size: 402.54341pt x 571.17625pt.
File: part1.pdf Graphic file (type pdf)
<use part1.pdf, page 61>
Package pdftex.def Info: part1.pdf , page61 used on input line 11.
(pdftex.def)             Requested size: 402.54341pt x 571.17625pt.
[24

 <./part1.pdf> <./part1.pdf>]
<part1.pdf, id=286, page=60, 421.10124pt x 597.50829pt>
File: part1.pdf Graphic file (type pdf)
<use part1.pdf, page 60>
Package pdftex.def Info: part1.pdf , page60 used on input line 11.
(pdftex.def)             Requested size: 402.54341pt x 571.17625pt.
File: part1.pdf Graphic file (type pdf)
<use part1.pdf, page 60>
Package pdftex.def Info: part1.pdf , page60 used on input line 11.
(pdftex.def)             Requested size: 402.54341pt x 571.17625pt.
<part1.pdf, id=287, page=25, 421.10124pt x 597.50829pt>
File: part1.pdf Graphic file (type pdf)
<use part1.pdf, page 25>
Package pdftex.def Info: part1.pdf , page25 used on input line 11.
(pdftex.def)             Requested size: 402.54341pt x 571.17625pt.
File: part1.pdf Graphic file (type pdf)
<use part1.pdf, page 25>
Package pdftex.def Info: part1.pdf , page25 used on input line 11.
(pdftex.def)             Requested size: 402.54341pt x 571.17625pt.


File: part1.pdf Graphic file (type pdf)
<use part1.pdf, page 60>
Package pdftex.def Info: part1.pdf , page60 used on input line 11.
(pdftex.def)             Requested size: 402.54341pt x 571.17625pt.
File: part1.pdf Graphic file (type pdf)
<use part1.pdf, page 25>
Package pdftex.def Info: part1.pdf , page25 used on input line 11.
(pdftex.def)             Requested size: 402.54341pt x 571.17625pt.
[25

 <./part1.pdf> <./part1.pdf>]
<part1.pdf, id=292, page=26, 421.10124pt x 597.50829pt>
File: part1.pdf Graphic file (type pdf)
<use part1.pdf, page 26>
Package pdftex.def Info: part1.pdf , page26 used on input line 11.
(pdftex.def)             Requested size: 402.54341pt x 571.17625pt.
File: part1.pdf Graphic file (type pdf)
<use part1.pdf, page 26>
Package pdftex.def Info: part1.pdf , page26 used on input line 11.
(pdftex.def)             Requested size: 402.54341pt x 571.17625pt.
<part1.pdf, id=293, page=59, 421.10124pt x 597.50829pt>
File: part1.pdf Graphic file (type pdf)
<use part1.pdf, page 59>
Package pdftex.def Info: part1.pdf , page59 used on input line 11.
(pdftex.def)             Requested size: 402.54341pt x 571.17625pt.
File: part1.pdf Graphic file (type pdf)
<use part1.pdf, page 59>
Package pdftex.def Info: part1.pdf , page59 used on input line 11.
(pdftex.def)             Requested size: 402.54341pt x 571.17625pt.


File: part1.pdf Graphic file (type pdf)
<use part1.pdf, page 26>
Package pdftex.def Info: part1.pdf , page26 used on input line 11.
(pdftex.def)             Requested size: 402.54341pt x 571.17625pt.
File: part1.pdf Graphic file (type pdf)
<use part1.pdf, page 59>
Package pdftex.def Info: part1.pdf , page59 used on input line 11.
(pdftex.def)             Requested size: 402.54341pt x 571.17625pt.
[26

 <./part1.pdf> <./part1.pdf>]
<part1.pdf, id=297, page=58, 421.10124pt x 597.50829pt>
File: part1.pdf Graphic file (type pdf)
<use part1.pdf, page 58>
Package pdftex.def Info: part1.pdf , page58 used on input line 11.
(pdftex.def)             Requested size: 402.54341pt x 571.17625pt.
File: part1.pdf Graphic file (type pdf)
<use part1.pdf, page 58>
Package pdftex.def Info: part1.pdf , page58 used on input line 11.
(pdftex.def)             Requested size: 402.54341pt x 571.17625pt.
<part1.pdf, id=298, page=27, 421.10124pt x 597.50829pt>
File: part1.pdf Graphic file (type pdf)
<use part1.pdf, page 27>
Package pdftex.def Info: part1.pdf , page27 used on input line 11.
(pdftex.def)             Requested size: 402.54341pt x 571.17625pt.
File: part1.pdf Graphic file (type pdf)
<use part1.pdf, page 27>
Package pdftex.def Info: part1.pdf , page27 used on input line 11.
(pdftex.def)             Requested size: 402.54341pt x 571.17625pt.


File: part1.pdf Graphic file (type pdf)
<use part1.pdf, page 58>
Package pdftex.def Info: part1.pdf , page58 used on input line 11.
(pdftex.def)             Requested size: 402.54341pt x 571.17625pt.
File: part1.pdf Graphic file (type pdf)
<use part1.pdf, page 27>
Package pdftex.def Info: part1.pdf , page27 used on input line 11.
(pdftex.def)             Requested size: 402.54341pt x 571.17625pt.
[27

 <./part1.pdf> <./part1.pdf>]
<part1.pdf, id=302, page=28, 421.10124pt x 597.50829pt>
File: part1.pdf Graphic file (type pdf)
<use part1.pdf, page 28>
Package pdftex.def Info: part1.pdf , page28 used on input line 11.
(pdftex.def)             Requested size: 402.54341pt x 571.17625pt.
File: part1.pdf Graphic file (type pdf)
<use part1.pdf, page 28>
Package pdftex.def Info: part1.pdf , page28 used on input line 11.
(pdftex.def)             Requested size: 402.54341pt x 571.17625pt.
<part1.pdf, id=303, page=57, 421.10124pt x 597.50829pt>
File: part1.pdf Graphic file (type pdf)
<use part1.pdf, page 57>
Package pdftex.def Info: part1.pdf , page57 used on input line 11.
(pdftex.def)             Requested size: 402.54341pt x 571.17625pt.
File: part1.pdf Graphic file (type pdf)
<use part1.pdf, page 57>
Package pdftex.def Info: part1.pdf , page57 used on input line 11.
(pdftex.def)             Requested size: 402.54341pt x 571.17625pt.


File: part1.pdf Graphic file (type pdf)
<use part1.pdf, page 28>
Package pdftex.def Info: part1.pdf , page28 used on input line 11.
(pdftex.def)             Requested size: 402.54341pt x 571.17625pt.
File: part1.pdf Graphic file (type pdf)
<use part1.pdf, page 57>
Package pdftex.def Info: part1.pdf , page57 used on input line 11.
(pdftex.def)             Requested size: 402.54341pt x 571.17625pt.
[28

 <./part1.pdf> <./part1.pdf>]
<part1.pdf, id=321, page=56, 421.10124pt x 597.50829pt>
File: part1.pdf Graphic file (type pdf)
<use part1.pdf, page 56>
Package pdftex.def Info: part1.pdf , page56 used on input line 11.
(pdftex.def)             Requested size: 402.54341pt x 571.17625pt.
File: part1.pdf Graphic file (type pdf)
<use part1.pdf, page 56>
Package pdftex.def Info: part1.pdf , page56 used on input line 11.
(pdftex.def)             Requested size: 402.54341pt x 571.17625pt.
<part1.pdf, id=322, page=29, 421.10124pt x 597.50829pt>
File: part1.pdf Graphic file (type pdf)
<use part1.pdf, page 29>
Package pdftex.def Info: part1.pdf , page29 used on input line 11.
(pdftex.def)             Requested size: 402.54341pt x 571.17625pt.
File: part1.pdf Graphic file (type pdf)
<use part1.pdf, page 29>
Package pdftex.def Info: part1.pdf , page29 used on input line 11.
(pdftex.def)             Requested size: 402.54341pt x 571.17625pt.


File: part1.pdf Graphic file (type pdf)
<use part1.pdf, page 56>
Package pdftex.def Info: part1.pdf , page56 used on input line 11.
(pdftex.def)             Requested size: 402.54341pt x 571.17625pt.
File: part1.pdf Graphic file (type pdf)
<use part1.pdf, page 29>
Package pdftex.def Info: part1.pdf , page29 used on input line 11.
(pdftex.def)             Requested size: 402.54341pt x 571.17625pt.
[29

 <./part1.pdf> <./part1.pdf>]
<part1.pdf, id=326, page=30, 421.10124pt x 597.50829pt>
File: part1.pdf Graphic file (type pdf)
<use part1.pdf, page 30>
Package pdftex.def Info: part1.pdf , page30 used on input line 11.
(pdftex.def)             Requested size: 402.54341pt x 571.17625pt.
File: part1.pdf Graphic file (type pdf)
<use part1.pdf, page 30>
Package pdftex.def Info: part1.pdf , page30 used on input line 11.
(pdftex.def)             Requested size: 402.54341pt x 571.17625pt.
<part1.pdf, id=327, page=55, 421.10124pt x 597.50829pt>
File: part1.pdf Graphic file (type pdf)
<use part1.pdf, page 55>
Package pdftex.def Info: part1.pdf , page55 used on input line 11.
(pdftex.def)             Requested size: 402.54341pt x 571.17625pt.
File: part1.pdf Graphic file (type pdf)
<use part1.pdf, page 55>
Package pdftex.def Info: part1.pdf , page55 used on input line 11.
(pdftex.def)             Requested size: 402.54341pt x 571.17625pt.


File: part1.pdf Graphic file (type pdf)
<use part1.pdf, page 30>
Package pdftex.def Info: part1.pdf , page30 used on input line 11.
(pdftex.def)             Requested size: 402.54341pt x 571.17625pt.
File: part1.pdf Graphic file (type pdf)
<use part1.pdf, page 55>
Package pdftex.def Info: part1.pdf , page55 used on input line 11.
(pdftex.def)             Requested size: 402.54341pt x 571.17625pt.
[30

 <./part1.pdf> <./part1.pdf>]
<part1.pdf, id=351, page=54, 421.10124pt x 597.50829pt>
File: part1.pdf Graphic file (type pdf)
<use part1.pdf, page 54>
Package pdftex.def Info: part1.pdf , page54 used on input line 11.
(pdftex.def)             Requested size: 402.54341pt x 571.17625pt.
File: part1.pdf Graphic file (type pdf)
<use part1.pdf, page 54>
Package pdftex.def Info: part1.pdf , page54 used on input line 11.
(pdftex.def)             Requested size: 402.54341pt x 571.17625pt.
<part1.pdf, id=352, page=31, 421.10124pt x 597.50829pt>
File: part1.pdf Graphic file (type pdf)
<use part1.pdf, page 31>
Package pdftex.def Info: part1.pdf , page31 used on input line 11.
(pdftex.def)             Requested size: 402.54341pt x 571.17625pt.
File: part1.pdf Graphic file (type pdf)
<use part1.pdf, page 31>
Package pdftex.def Info: part1.pdf , page31 used on input line 11.
(pdftex.def)             Requested size: 402.54341pt x 571.17625pt.


File: part1.pdf Graphic file (type pdf)
<use part1.pdf, page 54>
Package pdftex.def Info: part1.pdf , page54 used on input line 11.
(pdftex.def)             Requested size: 402.54341pt x 571.17625pt.
File: part1.pdf Graphic file (type pdf)
<use part1.pdf, page 31>
Package pdftex.def Info: part1.pdf , page31 used on input line 11.
(pdftex.def)             Requested size: 402.54341pt x 571.17625pt.
[31

 <./part1.pdf> <./part1.pdf>]
<part1.pdf, id=363, page=32, 421.10124pt x 597.50829pt>
File: part1.pdf Graphic file (type pdf)
<use part1.pdf, page 32>
Package pdftex.def Info: part1.pdf , page32 used on input line 11.
(pdftex.def)             Requested size: 402.54341pt x 571.17625pt.
File: part1.pdf Graphic file (type pdf)
<use part1.pdf, page 32>
Package pdftex.def Info: part1.pdf , page32 used on input line 11.
(pdftex.def)             Requested size: 402.54341pt x 571.17625pt.
<part1.pdf, id=364, page=53, 421.10124pt x 597.50829pt>
File: part1.pdf Graphic file (type pdf)
<use part1.pdf, page 53>
Package pdftex.def Info: part1.pdf , page53 used on input line 11.
(pdftex.def)             Requested size: 402.54341pt x 571.17625pt.
File: part1.pdf Graphic file (type pdf)
<use part1.pdf, page 53>
Package pdftex.def Info: part1.pdf , page53 used on input line 11.
(pdftex.def)             Requested size: 402.54341pt x 571.17625pt.


File: part1.pdf Graphic file (type pdf)
<use part1.pdf, page 32>
Package pdftex.def Info: part1.pdf , page32 used on input line 11.
(pdftex.def)             Requested size: 402.54341pt x 571.17625pt.
File: part1.pdf Graphic file (type pdf)
<use part1.pdf, page 53>
Package pdftex.def Info: part1.pdf , page53 used on input line 11.
(pdftex.def)             Requested size: 402.54341pt x 571.17625pt.
[32

 <./part1.pdf> <./part1.pdf>]
<part1.pdf, id=374, page=52, 421.10124pt x 597.50829pt>
File: part1.pdf Graphic file (type pdf)
<use part1.pdf, page 52>
Package pdftex.def Info: part1.pdf , page52 used on input line 11.
(pdftex.def)             Requested size: 402.54341pt x 571.17625pt.
File: part1.pdf Graphic file (type pdf)
<use part1.pdf, page 52>
Package pdftex.def Info: part1.pdf , page52 used on input line 11.
(pdftex.def)             Requested size: 402.54341pt x 571.17625pt.
<part1.pdf, id=375, page=33, 421.10124pt x 597.50829pt>
File: part1.pdf Graphic file (type pdf)
<use part1.pdf, page 33>
Package pdftex.def Info: part1.pdf , page33 used on input line 11.
(pdftex.def)             Requested size: 402.54341pt x 571.17625pt.
File: part1.pdf Graphic file (type pdf)
<use part1.pdf, page 33>
Package pdftex.def Info: part1.pdf , page33 used on input line 11.
(pdftex.def)             Requested size: 402.54341pt x 571.17625pt.


File: part1.pdf Graphic file (type pdf)
<use part1.pdf, page 52>
Package pdftex.def Info: part1.pdf , page52 used on input line 11.
(pdftex.def)             Requested size: 402.54341pt x 571.17625pt.
File: part1.pdf Graphic file (type pdf)
<use part1.pdf, page 33>
Package pdftex.def Info: part1.pdf , page33 used on input line 11.
(pdftex.def)             Requested size: 402.54341pt x 571.17625pt.
[33

 <./part1.pdf> <./part1.pdf>]
<part1.pdf, id=379, page=34, 421.10124pt x 597.50829pt>
File: part1.pdf Graphic file (type pdf)
<use part1.pdf, page 34>
Package pdftex.def Info: part1.pdf , page34 used on input line 11.
(pdftex.def)             Requested size: 402.54341pt x 571.17625pt.
File: part1.pdf Graphic file (type pdf)
<use part1.pdf, page 34>
Package pdftex.def Info: part1.pdf , page34 used on input line 11.
(pdftex.def)             Requested size: 402.54341pt x 571.17625pt.
<part1.pdf, id=380, page=51, 421.10124pt x 597.50829pt>
File: part1.pdf Graphic file (type pdf)
<use part1.pdf, page 51>
Package pdftex.def Info: part1.pdf , page51 used on input line 11.
(pdftex.def)             Requested size: 402.54341pt x 571.17625pt.
File: part1.pdf Graphic file (type pdf)
<use part1.pdf, page 51>
Package pdftex.def Info: part1.pdf , page51 used on input line 11.
(pdftex.def)             Requested size: 402.54341pt x 571.17625pt.


File: part1.pdf Graphic file (type pdf)
<use part1.pdf, page 34>
Package pdftex.def Info: part1.pdf , page34 used on input line 11.
(pdftex.def)             Requested size: 402.54341pt x 571.17625pt.
File: part1.pdf Graphic file (type pdf)
<use part1.pdf, page 51>
Package pdftex.def Info: part1.pdf , page51 used on input line 11.
(pdftex.def)             Requested size: 402.54341pt x 571.17625pt.
[34

 <./part1.pdf> <./part1.pdf>]
<part1.pdf, id=401, page=50, 421.10124pt x 597.50829pt>
File: part1.pdf Graphic file (type pdf)
<use part1.pdf, page 50>
Package pdftex.def Info: part1.pdf , page50 used on input line 11.
(pdftex.def)             Requested size: 402.54341pt x 571.17625pt.
File: part1.pdf Graphic file (type pdf)
<use part1.pdf, page 50>
Package pdftex.def Info: part1.pdf , page50 used on input line 11.
(pdftex.def)             Requested size: 402.54341pt x 571.17625pt.
<part1.pdf, id=402, page=35, 421.10124pt x 597.50829pt>
File: part1.pdf Graphic file (type pdf)
<use part1.pdf, page 35>
Package pdftex.def Info: part1.pdf , page35 used on input line 11.
(pdftex.def)             Requested size: 402.54341pt x 571.17625pt.
File: part1.pdf Graphic file (type pdf)
<use part1.pdf, page 35>
Package pdftex.def Info: part1.pdf , page35 used on input line 11.
(pdftex.def)             Requested size: 402.54341pt x 571.17625pt.


File: part1.pdf Graphic file (type pdf)
<use part1.pdf, page 50>
Package pdftex.def Info: part1.pdf , page50 used on input line 11.
(pdftex.def)             Requested size: 402.54341pt x 571.17625pt.
File: part1.pdf Graphic file (type pdf)
<use part1.pdf, page 35>
Package pdftex.def Info: part1.pdf , page35 used on input line 11.
(pdftex.def)             Requested size: 402.54341pt x 571.17625pt.
[35

 <./part1.pdf> <./part1.pdf>]
<part1.pdf, id=406, page=36, 421.10124pt x 597.50829pt>
File: part1.pdf Graphic file (type pdf)
<use part1.pdf, page 36>
Package pdftex.def Info: part1.pdf , page36 used on input line 11.
(pdftex.def)             Requested size: 402.54341pt x 571.17625pt.
File: part1.pdf Graphic file (type pdf)
<use part1.pdf, page 36>
Package pdftex.def Info: part1.pdf , page36 used on input line 11.
(pdftex.def)             Requested size: 402.54341pt x 571.17625pt.
<part1.pdf, id=407, page=49, 421.10124pt x 597.50829pt>
File: part1.pdf Graphic file (type pdf)
<use part1.pdf, page 49>
Package pdftex.def Info: part1.pdf , page49 used on input line 11.
(pdftex.def)             Requested size: 402.54341pt x 571.17625pt.
File: part1.pdf Graphic file (type pdf)
<use part1.pdf, page 49>
Package pdftex.def Info: part1.pdf , page49 used on input line 11.
(pdftex.def)             Requested size: 402.54341pt x 571.17625pt.


File: part1.pdf Graphic file (type pdf)
<use part1.pdf, page 36>
Package pdftex.def Info: part1.pdf , page36 used on input line 11.
(pdftex.def)             Requested size: 402.54341pt x 571.17625pt.
File: part1.pdf Graphic file (type pdf)
<use part1.pdf, page 49>
Package pdftex.def Info: part1.pdf , page49 used on input line 11.
(pdftex.def)             Requested size: 402.54341pt x 571.17625pt.
[36

 <./part1.pdf> <./part1.pdf>]
<part1.pdf, id=423, page=48, 421.10124pt x 597.50829pt>
File: part1.pdf Graphic file (type pdf)
<use part1.pdf, page 48>
Package pdftex.def Info: part1.pdf , page48 used on input line 11.
(pdftex.def)             Requested size: 402.54341pt x 571.17625pt.
File: part1.pdf Graphic file (type pdf)
<use part1.pdf, page 48>
Package pdftex.def Info: part1.pdf , page48 used on input line 11.
(pdftex.def)             Requested size: 402.54341pt x 571.17625pt.
<part1.pdf, id=424, page=37, 421.10124pt x 597.50829pt>
File: part1.pdf Graphic file (type pdf)
<use part1.pdf, page 37>
Package pdftex.def Info: part1.pdf , page37 used on input line 11.
(pdftex.def)             Requested size: 402.54341pt x 571.17625pt.
File: part1.pdf Graphic file (type pdf)
<use part1.pdf, page 37>
Package pdftex.def Info: part1.pdf , page37 used on input line 11.
(pdftex.def)             Requested size: 402.54341pt x 571.17625pt.


File: part1.pdf Graphic file (type pdf)
<use part1.pdf, page 48>
Package pdftex.def Info: part1.pdf , page48 used on input line 11.
(pdftex.def)             Requested size: 402.54341pt x 571.17625pt.
File: part1.pdf Graphic file (type pdf)
<use part1.pdf, page 37>
Package pdftex.def Info: part1.pdf , page37 used on input line 11.
(pdftex.def)             Requested size: 402.54341pt x 571.17625pt.
[37

 <./part1.pdf> <./part1.pdf>]
<part1.pdf, id=453, page=38, 421.10124pt x 597.50829pt>
File: part1.pdf Graphic file (type pdf)
<use part1.pdf, page 38>
Package pdftex.def Info: part1.pdf , page38 used on input line 11.
(pdftex.def)             Requested size: 402.54341pt x 571.17625pt.
File: part1.pdf Graphic file (type pdf)
<use part1.pdf, page 38>
Package pdftex.def Info: part1.pdf , page38 used on input line 11.
(pdftex.def)             Requested size: 402.54341pt x 571.17625pt.
<part1.pdf, id=454, page=47, 421.10124pt x 597.50829pt>
File: part1.pdf Graphic file (type pdf)
<use part1.pdf, page 47>
Package pdftex.def Info: part1.pdf , page47 used on input line 11.
(pdftex.def)             Requested size: 402.54341pt x 571.17625pt.
File: part1.pdf Graphic file (type pdf)
<use part1.pdf, page 47>
Package pdftex.def Info: part1.pdf , page47 used on input line 11.
(pdftex.def)             Requested size: 402.54341pt x 571.17625pt.


File: part1.pdf Graphic file (type pdf)
<use part1.pdf, page 38>
Package pdftex.def Info: part1.pdf , page38 used on input line 11.
(pdftex.def)             Requested size: 402.54341pt x 571.17625pt.
File: part1.pdf Graphic file (type pdf)
<use part1.pdf, page 47>
Package pdftex.def Info: part1.pdf , page47 used on input line 11.
(pdftex.def)             Requested size: 402.54341pt x 571.17625pt.
[38

 <./part1.pdf> <./part1.pdf>]
<part1.pdf, id=458, page=46, 421.10124pt x 597.50829pt>
File: part1.pdf Graphic file (type pdf)
<use part1.pdf, page 46>
Package pdftex.def Info: part1.pdf , page46 used on input line 11.
(pdftex.def)             Requested size: 402.54341pt x 571.17625pt.
File: part1.pdf Graphic file (type pdf)
<use part1.pdf, page 46>
Package pdftex.def Info: part1.pdf , page46 used on input line 11.
(pdftex.def)             Requested size: 402.54341pt x 571.17625pt.
<part1.pdf, id=459, page=39, 421.10124pt x 597.50829pt>
File: part1.pdf Graphic file (type pdf)
<use part1.pdf, page 39>
Package pdftex.def Info: part1.pdf , page39 used on input line 11.
(pdftex.def)             Requested size: 402.54341pt x 571.17625pt.
File: part1.pdf Graphic file (type pdf)
<use part1.pdf, page 39>
Package pdftex.def Info: part1.pdf , page39 used on input line 11.
(pdftex.def)             Requested size: 402.54341pt x 571.17625pt.


File: part1.pdf Graphic file (type pdf)
<use part1.pdf, page 46>
Package pdftex.def Info: part1.pdf , page46 used on input line 11.
(pdftex.def)             Requested size: 402.54341pt x 571.17625pt.
File: part1.pdf Graphic file (type pdf)
<use part1.pdf, page 39>
Package pdftex.def Info: part1.pdf , page39 used on input line 11.
(pdftex.def)             Requested size: 402.54341pt x 571.17625pt.
[39

 <./part1.pdf> <./part1.pdf

pdfTeX warning: pdflatex (file ./part1.pdf): PDF inclusion: multiple pdfs with 
page group included in a single page
>]
<part1.pdf, id=498, page=40, 421.10124pt x 597.50829pt>
File: part1.pdf Graphic file (type pdf)
<use part1.pdf, page 40>
Package pdftex.def Info: part1.pdf , page40 used on input line 11.
(pdftex.def)             Requested size: 402.54341pt x 571.17625pt.
File: part1.pdf Graphic file (type pdf)
<use part1.pdf, page 40>
Package pdftex.def Info: part1.pdf , page40 used on input line 11.
(pdftex.def)             Requested size: 402.54341pt x 571.17625pt.
<part1.pdf, id=499, page=45, 421.10124pt x 597.50829pt>
File: part1.pdf Graphic file (type pdf)
<use part1.pdf, page 45>
Package pdftex.def Info: part1.pdf , page45 used on input line 11.
(pdftex.def)             Requested size: 402.54341pt x 571.17625pt.
File: part1.pdf Graphic file (type pdf)
<use part1.pdf, page 45>
Package pdftex.def Info: part1.pdf , page45 used on input line 11.
(pdftex.def)             Requested size: 402.54341pt x 571.17625pt.


File: part1.pdf Graphic file (type pdf)
<use part1.pdf, page 40>
Package pdftex.def Info: part1.pdf , page40 used on input line 11.
(pdftex.def)             Requested size: 402.54341pt x 571.17625pt.
File: part1.pdf Graphic file (type pdf)
<use part1.pdf, page 45>
Package pdftex.def Info: part1.pdf , page45 used on input line 11.
(pdftex.def)             Requested size: 402.54341pt x 571.17625pt.
[40

 <./part1.pdf> <./part1.pdf>]
<part1.pdf, id=503, page=44, 421.10124pt x 597.50829pt>
File: part1.pdf Graphic file (type pdf)
<use part1.pdf, page 44>
Package pdftex.def Info: part1.pdf , page44 used on input line 11.
(pdftex.def)             Requested size: 402.54341pt x 571.17625pt.
File: part1.pdf Graphic file (type pdf)
<use part1.pdf, page 44>
Package pdftex.def Info: part1.pdf , page44 used on input line 11.
(pdftex.def)             Requested size: 402.54341pt x 571.17625pt.
<part1.pdf, id=504, page=41, 421.10124pt x 597.50829pt>
File: part1.pdf Graphic file (type pdf)
<use part1.pdf, page 41>
Package pdftex.def Info: part1.pdf , page41 used on input line 11.
(pdftex.def)             Requested size: 402.54341pt x 571.17625pt.
File: part1.pdf Graphic file (type pdf)
<use part1.pdf, page 41>
Package pdftex.def Info: part1.pdf , page41 used on input line 11.
(pdftex.def)             Requested size: 402.54341pt x 571.17625pt.


File: part1.pdf Graphic file (type pdf)
<use part1.pdf, page 44>
Package pdftex.def Info: part1.pdf , page44 used on input line 11.
(pdftex.def)             Requested size: 402.54341pt x 571.17625pt.
File: part1.pdf Graphic file (type pdf)
<use part1.pdf, page 41>
Package pdftex.def Info: part1.pdf , page41 used on input line 11.
(pdftex.def)             Requested size: 402.54341pt x 571.17625pt.
[41

 <./part1.pdf> <./part1.pdf>]
<part1.pdf, id=512, page=42, 421.10124pt x 597.50829pt>
File: part1.pdf Graphic file (type pdf)
<use part1.pdf, page 42>
Package pdftex.def Info: part1.pdf , page42 used on input line 11.
(pdftex.def)             Requested size: 402.54341pt x 571.17625pt.
File: part1.pdf Graphic file (type pdf)
<use part1.pdf, page 42>
Package pdftex.def Info: part1.pdf , page42 used on input line 11.
(pdftex.def)             Requested size: 402.54341pt x 571.17625pt.
<part1.pdf, id=513, page=43, 421.10124pt x 597.50829pt>
File: part1.pdf Graphic file (type pdf)
<use part1.pdf, page 43>
Package pdftex.def Info: part1.pdf , page43 used on input line 11.
(pdftex.def)             Requested size: 402.54341pt x 571.17625pt.
File: part1.pdf Graphic file (type pdf)
<use part1.pdf, page 43>
Package pdftex.def Info: part1.pdf , page43 used on input line 11.
(pdftex.def)             Requested size: 402.54341pt x 571.17625pt.


File: part1.pdf Graphic file (type pdf)
<use part1.pdf, page 42>
Package pdftex.def Info: part1.pdf , page42 used on input line 11.
(pdftex.def)             Requested size: 402.54341pt x 571.17625pt.
File: part1.pdf Graphic file (type pdf)
<use part1.pdf, page 43>
Package pdftex.def Info: part1.pdf , page43 used on input line 11.
(pdftex.def)             Requested size: 402.54341pt x 571.17625pt.
[42

 <./part1.pdf> <./part1.pdf>] (./booklet.aux)
 ***********
LaTeX2e <2024-11-01> patch level 2
L3 programming layer <2025-01-18>
 ***********
 ) 
Here is how much of TeX's memory you used:
 3305 strings out of 473197
 54899 string characters out of 5718605
 448162 words of memory out of 5000000
 26558 multiletter control sequences out of 15000+600000
 558837 words of font info for 36 fonts, out of 8000000 for 9000
 1141 hyphenation exceptions out of 8191
 72i,17n,79p,259b,457s stack positions out of 10000i,1000n,20000p,200000b,200000s
</usr/share/texlive/texmf-dist/fonts/type1/public/amsfonts/cm/cmbx10.pfb></us
r/share/texlive/texmf-dist/fonts/type1/public/amsfonts/cm/cmbx12.pfb></usr/shar
e/texlive/texmf-dist/fonts/type1/public/amsfonts/cm/cmbxsl10.pfb></usr/share/te
xlive/texmf-dist/fonts/type1/public/amsfonts/cm/cmex10.pfb></usr/share/texlive/
texmf-dist/fonts/type1/public/amsfonts/cmextra/cmex7.pfb></usr/share/texlive/te
xmf-dist/fonts/type1/public/amsfonts/cm/cmmi10.pfb></usr/share/texlive/texmf-di
st/fonts/type1/public/amsfonts/cm/cmmi5.pfb></usr/share/texlive/texmf-dist/font
s/type1/public/amsfonts/cm/cmmi7.pfb></usr/share/texlive/texmf-dist/fonts/type1
/public/amsfonts/cm/cmr10.pfb></usr/share/texlive/texmf-dist/fonts/type1/public
/amsfonts/cm/cmr12.pfb></usr/share/texlive/texmf-dist/fonts/type1/public/amsfon
ts/cm/cmr17.pfb></usr/share/texlive/texmf-dist/fonts/type1/public/amsfonts/cm/c
mr5.pfb></usr/share/texlive/texmf-dist/fonts/type1/public/amsfonts/cm/cmr6.pfb>
</usr/share/texlive/texmf-dist/fonts/type1/public/amsfonts/cm/cmr7.pfb></usr/sh
are/texlive/texmf-dist/fonts/type1/public/amsfonts/cm/cmr8.pfb></usr/share/texl
ive/texmf-dist/fonts/type1/public/amsfonts/cm/cmsy10.pfb></usr/share/texlive/te
xmf-dist/fonts/type1/public/amsfonts/cm/cmsy5.pfb></usr/share/texlive/texmf-dis
t/fonts/type1/public/amsfonts/cm/cmsy7.pfb></usr/share/texlive/texmf-dist/fonts
/type1/public/amsfonts/cm/cmti10.pfb></usr/share/texlive/texmf-dist/fonts/type1
/public/amsfonts/cm/cmtt10.pfb></usr/share/texlive/texmf-dist/fonts/type1/publi
c/amsfonts/cm/cmtt12.pfb></usr/share/texmf/fonts/type1/public/cm-super/sfrm1000
.pfb></usr/share/texlive/texmf-dist/fonts/type1/public/wasy-type1/wasy10.pfb>
Output written on booklet.pdf (42 pages, 1202506 bytes).
PDF statistics:
 546 PDF objects out of 1000 (max. 8388607)
 302 compressed objects within 4 object streams
 0 named destinations out of 1000 (max. 500000)
 431 words of extra memory for PDF output out of 10000 (max. 10000000)

